[
  {
    "moving_objects": {
      "moving_objects": [
        11,
        11,
        11,
        11,
        11,
        11,
        11,
        11,
        11,
        11
      ]
    }
  },
  {
    "moving_objects": null
  },
  {
    "moving_objects": {
      "moving_objects": [
        11,
        11,
        11,
        11,
        11,
        11,
        11,
        11,
        11,
        11
      ]
    }
  },
  {
    "moving_objects": {
      "moving_objects": [
        11,
        11,
        11,
        11,
        11,
        11,
        11,
        11,
        11,
        11
      ]
    }
  },
  {
    "moving_objects": {
      "moving_objects": [
        33,
        33,
        33,
        33,
        33,
        33,
        33,
        33,
        33,
        33
      ]
    }
  },
  {
    "moving_objects": {
      "moving_objects": [
        57,
        57,
        57,
        57,
        57,
        57,
        57,
        57,
        57,
        57
      ]
    }
  },
  {
    "moving_objects": {
      "moving_objects": [
        85,
        85,
        85,
        85,
        85,
        85,
        85,
        85,
        85,
        85
      ]
    }
  },
  {
    "moving_objects": {
      "moving_objects": [
        222,
        222,
        222,
        222,
        222,
        222,
        222,
        222,
        222,
        222
      ]
    }
  },
  {
    "moving_objects": {
      "moving_objects": [
        443,
        443,
        443,
        443,
        443,
        443,
        443,
        443,
        443,
        443
      ]
    }
  },
  {
    "moving_objects": {
      "moving_objects": [
        1485,
        1485,
        1485,
        1485,
        1485,
        1485,
        1485,
        1485,
        1485,
        1485
      ]
    }
  },
  {
    "moving_objects": {
      "moving_objects": [
        2085,
        2085,
        2085,
        2085,
        2085,
        2085,
        2085,
        2085,
        2085,
        2085
      ]
    }
  }
]