---
source: tests/dependency_graph.rs
expression: file
---
typedefs:
  - id: 19
    kind:
      Enumeration:
        elements:
          - 17
          - 18
    location: ~
  - id: 22
    kind:
      Enumeration:
        elements:
          - 20
          - 21
    location: ~
functions:
  - id: 26
    statements:
      - id: 40
        expression:
          kind:
            Match:
              expression:
                kind:
                  Application:
                    function_expression:
                      kind:
                        Identifier:
                          id: 2
                      typing:
                        Abstract:
                          - - Enumeration: Button
                          - Enumeration: Button
                      location: ~
                      dependencies: ~
                    inputs:
                      - kind:
                          Identifier:
                            id: 23
                        typing:
                          Enumeration: Button
                        location: ~
                        dependencies: ~
                typing:
                  Enumeration: Button
                location: ~
                dependencies: ~
              arms:
                - - kind:
                      Enumeration:
                        enum_id: 19
                        elem_id: 17
                    typing:
                      Enumeration: Button
                    location: ~
                  - ~
                  - []
                  - kind:
                      Enumeration:
                        enum_id: 22
                        elem_id: 21
                    typing:
                      Enumeration: ResetState
                    location: ~
                    dependencies: ~
                - - kind:
                      Enumeration:
                        enum_id: 19
                        elem_id: 18
                    typing:
                      Enumeration: Button
                    location: ~
                  - kind:
                      Application:
                        function_expression:
                          kind:
                            Identifier:
                              id: 11
                          typing:
                            Abstract:
                              - - Integer
                                - Integer
                              - Boolean
                          location: ~
                          dependencies: ~
                        inputs:
                          - kind:
                              Identifier:
                                id: 24
                            typing: Integer
                            location: ~
                            dependencies: ~
                          - kind:
                              Identifier:
                                id: 25
                            typing: Integer
                            location: ~
                            dependencies: ~
                    typing: Boolean
                    location: ~
                    dependencies: ~
                  - []
                  - kind:
                      Enumeration:
                        enum_id: 22
                        elem_id: 20
                    typing:
                      Enumeration: ResetState
                    location: ~
                    dependencies: ~
                - - kind: Default
                    typing: Any
                    location: ~
                  - ~
                  - []
                  - kind:
                      Enumeration:
                        enum_id: 22
                        elem_id: 21
                    typing:
                      Enumeration: ResetState
                    location: ~
                    dependencies: ~
          typing:
            Enumeration: ResetState
          location: ~
          dependencies: ~
        location: ~
    returned:
      kind:
        Identifier:
          id: 40
      typing:
        Enumeration: ResetState
      location: ~
      dependencies: ~
    location: ~
nodes:
  - id: 30
    unscheduled_equations:
      29:
        id: 29
        expression:
          kind:
            Expression:
              expression:
                Application:
                  function_expression:
                    kind:
                      Expression:
                        expression:
                          Identifier:
                            id: 15
                    typing:
                      Abstract:
                        - - Boolean
                          - Integer
                          - Integer
                        - Integer
                    location: ~
                    dependencies: []
                  inputs:
                    - kind:
                        Expression:
                          expression:
                            Identifier:
                              id: 27
                      typing: Boolean
                      location: ~
                      dependencies:
                        - - 27
                          - Weight: 0
                    - kind:
                        Expression:
                          expression:
                            Constant:
                              constant:
                                Integer: 0
                      typing: Integer
                      location: ~
                      dependencies: []
                    - kind:
                        Expression:
                          expression:
                            Application:
                              function_expression:
                                kind:
                                  Expression:
                                    expression:
                                      Identifier:
                                        id: 5
                                typing:
                                  Abstract:
                                    - - Integer
                                      - Integer
                                    - Integer
                                location: ~
                                dependencies: []
                              inputs:
                                - kind:
                                    Expression:
                                      expression:
                                        Application:
                                          function_expression:
                                            kind:
                                              Expression:
                                                expression:
                                                  Identifier:
                                                    id: 2
                                            typing:
                                              Abstract:
                                                - - Integer
                                                - Integer
                                            location: ~
                                            dependencies: []
                                          inputs:
                                            - kind:
                                                FollowedBy:
                                                  constant:
                                                    kind:
                                                      Expression:
                                                        expression:
                                                          Constant:
                                                            constant:
                                                              Integer: 0
                                                    typing: Integer
                                                    location: ~
                                                    dependencies: []
                                                  expression:
                                                    kind:
                                                      Expression:
                                                        expression:
                                                          Identifier:
                                                            id: 29
                                                    typing: Integer
                                                    location: ~
                                                    dependencies:
                                                      - - 29
                                                        - Weight: 0
                                              typing: Integer
                                              location: ~
                                              dependencies:
                                                - - 29
                                                  - Weight: 1
                                  typing: Integer
                                  location: ~
                                  dependencies:
                                    - - 29
                                      - Weight: 1
                                - kind:
                                    Expression:
                                      expression:
                                        Identifier:
                                          id: 28
                                  typing: Integer
                                  location: ~
                                  dependencies:
                                    - - 28
                                      - Weight: 0
                      typing: Integer
                      location: ~
                      dependencies:
                        - - 29
                          - Weight: 1
                        - - 28
                          - Weight: 0
          typing: Integer
          location: ~
          dependencies:
            - - 27
              - Weight: 0
            - - 29
              - Weight: 1
            - - 28
              - Weight: 0
        location: ~
    unitary_nodes: {}
    contract:
      requires: []
      ensures: []
      invariant: []
    location: ~
    graph:
      ? - 29
        - 27
      : Weight: 0
      ? - 29
        - 28
      : Weight: 0
      ? - 29
        - 29
      : Weight: 1
  - id: 39
    unscheduled_equations:
      35:
        id: 35
        expression:
          kind:
            Expression:
              expression:
                Application:
                  function_expression:
                    kind:
                      Expression:
                        expression:
                          Identifier:
                            id: 26
                    typing:
                      Abstract:
                        - - Enumeration: Button
                          - Integer
                          - Integer
                        - Enumeration: ResetState
                    location: ~
                    dependencies: []
                  inputs:
                    - kind:
                        Expression:
                          expression:
                            Identifier:
                              id: 31
                      typing:
                        Enumeration: Button
                      location: ~
                      dependencies:
                        - - 31
                          - Weight: 0
                    - kind:
                        Expression:
                          expression:
                            Identifier:
                              id: 37
                      typing: Integer
                      location: ~
                      dependencies:
                        - - 37
                          - Weight: 0
                    - kind:
                        Expression:
                          expression:
                            Identifier:
                              id: 33
                      typing: Integer
                      location: ~
                      dependencies:
                        - - 33
                          - Weight: 0
          typing:
            Enumeration: ResetState
          location: ~
          dependencies:
            - - 31
              - Weight: 0
            - - 37
              - Weight: 0
            - - 33
              - Weight: 0
        location: ~
      36:
        id: 36
        expression:
          kind:
            Expression:
              expression:
                Match:
                  expression:
                    kind:
                      Expression:
                        expression:
                          Application:
                            function_expression:
                              kind:
                                Expression:
                                  expression:
                                    Identifier:
                                      id: 2
                              typing:
                                Abstract:
                                  - - Enumeration: Button
                                  - Enumeration: Button
                              location: ~
                              dependencies: []
                            inputs:
                              - kind:
                                  Expression:
                                    expression:
                                      Identifier:
                                        id: 31
                                typing:
                                  Enumeration: Button
                                location: ~
                                dependencies:
                                  - - 31
                                    - Weight: 0
                    typing:
                      Enumeration: Button
                    location: ~
                    dependencies:
                      - - 31
                        - Weight: 0
                  arms:
                    - - kind:
                          Enumeration:
                            enum_id: 19
                            elem_id: 17
                        typing:
                          Enumeration: Button
                        location: ~
                      - ~
                      - []
                      - kind:
                          FollowedBy:
                            constant:
                              kind:
                                Expression:
                                  expression:
                                    Constant:
                                      constant:
                                        Boolean: false
                              typing: Boolean
                              location: ~
                              dependencies: []
                            expression:
                              kind:
                                Expression:
                                  expression:
                                    Identifier:
                                      id: 36
                              typing: Boolean
                              location: ~
                              dependencies:
                                - - 36
                                  - Weight: 0
                        typing: Boolean
                        location: ~
                        dependencies:
                          - - 36
                            - Weight: 1
                    - - kind:
                          Enumeration:
                            enum_id: 19
                            elem_id: 18
                        typing:
                          Enumeration: Button
                        location: ~
                      - ~
                      - []
                      - kind:
                          Expression:
                            expression:
                              Application:
                                function_expression:
                                  kind:
                                    Expression:
                                      expression:
                                        Identifier:
                                          id: 11
                                  typing:
                                    Abstract:
                                      - - Integer
                                        - Integer
                                      - Boolean
                                  location: ~
                                  dependencies: []
                                inputs:
                                  - kind:
                                      Expression:
                                        expression:
                                          Identifier:
                                            id: 37
                                    typing: Integer
                                    location: ~
                                    dependencies:
                                      - - 37
                                        - Weight: 0
                                  - kind:
                                      Expression:
                                        expression:
                                          Application:
                                            function_expression:
                                              kind:
                                                Expression:
                                                  expression:
                                                    Identifier:
                                                      id: 5
                                              typing:
                                                Abstract:
                                                  - - Integer
                                                    - Integer
                                                  - Integer
                                              location: ~
                                              dependencies: []
                                            inputs:
                                              - kind:
                                                  Expression:
                                                    expression:
                                                      Identifier:
                                                        id: 33
                                                typing: Integer
                                                location: ~
                                                dependencies:
                                                  - - 33
                                                    - Weight: 0
                                              - kind:
                                                  Expression:
                                                    expression:
                                                      Identifier:
                                                        id: 34
                                                typing: Integer
                                                location: ~
                                                dependencies:
                                                  - - 34
                                                    - Weight: 0
                                    typing: Integer
                                    location: ~
                                    dependencies:
                                      - - 33
                                        - Weight: 0
                                      - - 34
                                        - Weight: 0
                        typing: Boolean
                        location: ~
                        dependencies:
                          - - 37
                            - Weight: 0
                          - - 33
                            - Weight: 0
                          - - 34
                            - Weight: 0
          typing: Boolean
          location: ~
          dependencies:
            - - 36
              - Weight: 1
            - - 37
              - Weight: 0
            - - 33
              - Weight: 0
            - - 34
              - Weight: 0
            - - 31
              - Weight: 0
        location: ~
      37:
        id: 37
        expression:
          kind:
            NodeApplication:
              node_id: 30
              inputs:
                - - 27
                  - kind:
                      Expression:
                        expression:
                          Identifier:
                            id: 38
                    typing: Boolean
                    location: ~
                    dependencies:
                      - - 38
                        - Weight: 0
                - - 28
                  - kind:
                      Expression:
                        expression:
                          Identifier:
                            id: 32
                    typing: Integer
                    location: ~
                    dependencies:
                      - - 32
                        - Weight: 0
              output_id: 29
          typing: Integer
          location: ~
          dependencies:
            - - 38
              - Weight: 0
            - - 32
              - Weight: 0
        location: ~
      38:
        id: 38
        expression:
          kind:
            Expression:
              expression:
                Application:
                  function_expression:
                    kind:
                      Expression:
                        expression:
                          Identifier:
                            id: 7
                    typing:
                      Abstract:
                        - - Boolean
                          - Boolean
                        - Boolean
                    location: ~
                    dependencies: []
                  inputs:
                    - kind:
                        Expression:
                          expression:
                            Application:
                              function_expression:
                                kind:
                                  Expression:
                                    expression:
                                      Identifier:
                                        id: 2
                                typing:
                                  Abstract:
                                    - - Boolean
                                    - Boolean
                                location: ~
                                dependencies: []
                              inputs:
                                - kind:
                                    Expression:
                                      expression:
                                        Application:
                                          function_expression:
                                            kind:
                                              Expression:
                                                expression:
                                                  Identifier:
                                                    id: 9
                                            typing:
                                              Abstract:
                                                - - Enumeration: Button
                                                  - Enumeration: Button
                                                - Boolean
                                            location: ~
                                            dependencies: []
                                          inputs:
                                            - kind:
                                                Expression:
                                                  expression:
                                                    Identifier:
                                                      id: 31
                                              typing:
                                                Enumeration: Button
                                              location: ~
                                              dependencies:
                                                - - 31
                                                  - Weight: 0
                                            - kind:
                                                Expression:
                                                  expression:
                                                    Enumeration:
                                                      enum_id: 19
                                                      elem_id: 18
                                              typing:
                                                Enumeration: Button
                                              location: ~
                                              dependencies: []
                                  typing: Boolean
                                  location: ~
                                  dependencies:
                                    - - 31
                                      - Weight: 0
                      typing: Boolean
                      location: ~
                      dependencies:
                        - - 31
                          - Weight: 0
                    - kind:
                        Expression:
                          expression:
                            Application:
                              function_expression:
                                kind:
                                  Expression:
                                    expression:
                                      Identifier:
                                        id: 2
                                typing:
                                  Abstract:
                                    - - Boolean
                                    - Boolean
                                location: ~
                                dependencies: []
                              inputs:
                                - kind:
                                    FollowedBy:
                                      constant:
                                        kind:
                                          Expression:
                                            expression:
                                              Constant:
                                                constant:
                                                  Boolean: true
                                        typing: Boolean
                                        location: ~
                                        dependencies: []
                                      expression:
                                        kind:
                                          Expression:
                                            expression:
                                              Application:
                                                function_expression:
                                                  kind:
                                                    Expression:
                                                      expression:
                                                        Identifier:
                                                          id: 9
                                                  typing:
                                                    Abstract:
                                                      - - Enumeration: Button
                                                        - Enumeration: Button
                                                      - Boolean
                                                  location: ~
                                                  dependencies: []
                                                inputs:
                                                  - kind:
                                                      Expression:
                                                        expression:
                                                          Identifier:
                                                            id: 31
                                                    typing:
                                                      Enumeration: Button
                                                    location: ~
                                                    dependencies:
                                                      - - 31
                                                        - Weight: 0
                                                  - kind:
                                                      Expression:
                                                        expression:
                                                          Enumeration:
                                                            enum_id: 19
                                                            elem_id: 17
                                                    typing:
                                                      Enumeration: Button
                                                    location: ~
                                                    dependencies: []
                                        typing: Boolean
                                        location: ~
                                        dependencies:
                                          - - 31
                                            - Weight: 0
                                  typing: Boolean
                                  location: ~
                                  dependencies:
                                    - - 31
                                      - Weight: 1
                      typing: Boolean
                      location: ~
                      dependencies:
                        - - 31
                          - Weight: 1
          typing: Boolean
          location: ~
          dependencies:
            - - 31
              - Weight: 0
            - - 31
              - Weight: 1
        location: ~
    unitary_nodes: {}
    contract:
      requires: []
      ensures: []
      invariant: []
    location: ~
    graph:
      ? - 35
        - 31
      : Weight: 0
      ? - 35
        - 33
      : Weight: 0
      ? - 35
        - 37
      : Weight: 0
      ? - 36
        - 31
      : Weight: 0
      ? - 36
        - 33
      : Weight: 0
      ? - 36
        - 34
      : Weight: 0
      ? - 36
        - 36
      : Weight: 1
      ? - 36
        - 37
      : Weight: 0
      ? - 37
        - 32
      : Weight: 0
      ? - 37
        - 38
      : Weight: 0
      ? - 38
        - 31
      : Weight: 0
component: ~
location: ~

