---
source: tests/dependency_graph.rs
expression: file
---
typedefs: []
functions: []
nodes:
  - id: 21
    unscheduled_equations:
      19:
        id: 19
        expression:
          kind:
            Expression:
              expression:
                Application:
                  function_expression:
                    kind:
                      Expression:
                        expression:
                          Identifier:
                            id: 15
                    typing:
                      Abstract:
                        - - Boolean
                          - Integer
                          - Integer
                        - Integer
                    location: ~
                    dependencies: ~
                  inputs:
                    - kind:
                        Expression:
                          expression:
                            Identifier:
                              id: 17
                      typing: Boolean
                      location: ~
                      dependencies:
                        - - 17
                          - 0
                    - kind:
                        Expression:
                          expression:
                            Constant:
                              constant:
                                Integer: 0
                      typing: Integer
                      location: ~
                      dependencies: []
                    - kind:
                        Expression:
                          expression:
                            Application:
                              function_expression:
                                kind:
                                  Expression:
                                    expression:
                                      Identifier:
                                        id: 5
                                typing:
                                  Abstract:
                                    - - Integer
                                      - Integer
                                    - Integer
                                location: ~
                                dependencies: ~
                              inputs:
                                - kind:
                                    Expression:
                                      expression:
                                        Application:
                                          function_expression:
                                            kind:
                                              Expression:
                                                expression:
                                                  Identifier:
                                                    id: 2
                                            typing:
                                              Abstract:
                                                - - Integer
                                                - Integer
                                            location: ~
                                            dependencies: ~
                                          inputs:
                                            - kind:
                                                FollowedBy:
                                                  constant:
                                                    Integer: 0
                                                  expression:
                                                    kind:
                                                      Expression:
                                                        expression:
                                                          Identifier:
                                                            id: 19
                                                    typing: Integer
                                                    location: ~
                                                    dependencies:
                                                      - - 19
                                                        - 0
                                              typing: Integer
                                              location: ~
                                              dependencies:
                                                - - 19
                                                  - 1
                                  typing: Integer
                                  location: ~
                                  dependencies:
                                    - - 19
                                      - 1
                                - kind:
                                    Expression:
                                      expression:
                                        Identifier:
                                          id: 20
                                  typing: Integer
                                  location: ~
                                  dependencies:
                                    - - 20
                                      - 0
                      typing: Integer
                      location: ~
                      dependencies:
                        - - 19
                          - 1
                        - - 20
                          - 0
          typing: Integer
          location: ~
          dependencies:
            - - 17
              - 0
            - - 19
              - 1
            - - 20
              - 0
        location: ~
      20:
        id: 20
        expression:
          kind:
            Expression:
              expression:
                Application:
                  function_expression:
                    kind:
                      Expression:
                        expression:
                          Identifier:
                            id: 15
                    typing:
                      Abstract:
                        - - Boolean
                          - Integer
                          - Integer
                        - Integer
                    location: ~
                    dependencies: ~
                  inputs:
                    - kind:
                        Expression:
                          expression:
                            Identifier:
                              id: 18
                      typing: Boolean
                      location: ~
                      dependencies:
                        - - 18
                          - 0
                    - kind:
                        Expression:
                          expression:
                            Constant:
                              constant:
                                Integer: 1
                      typing: Integer
                      location: ~
                      dependencies: []
                    - kind:
                        Expression:
                          expression:
                            Constant:
                              constant:
                                Integer: 0
                      typing: Integer
                      location: ~
                      dependencies: []
          typing: Integer
          location: ~
          dependencies:
            - - 18
              - 0
        location: ~
    unitary_nodes: {}
    contract:
      requires: []
      ensures: []
      invariant: []
    location: ~
    graph:
      ? - 19
        - 17
      : Weight: 0
      ? - 19
        - 19
      : Weight: 1
      ? - 19
        - 20
      : Weight: 0
      ? - 20
        - 18
      : Weight: 0
component:
  id: 24
  unscheduled_equations:
    22:
      id: 22
      expression:
        kind:
          NodeApplication:
            node_id: 21
            inputs:
              - - 17
                - kind:
                    FollowedBy:
                      constant:
                        Boolean: false
                      expression:
                        kind:
                          Expression:
                            expression:
                              Application:
                                function_expression:
                                  kind:
                                    Expression:
                                      expression:
                                        Identifier:
                                          id: 2
                                  typing:
                                    Abstract:
                                      - - Boolean
                                      - Boolean
                                  location: ~
                                  dependencies: ~
                                inputs:
                                  - kind:
                                      Expression:
                                        expression:
                                          Application:
                                            function_expression:
                                              kind:
                                                Expression:
                                                  expression:
                                                    Identifier:
                                                      id: 13
                                              typing:
                                                Abstract:
                                                  - - Integer
                                                    - Integer
                                                  - Boolean
                                              location: ~
                                              dependencies: ~
                                            inputs:
                                              - kind:
                                                  Expression:
                                                    expression:
                                                      Identifier:
                                                        id: 22
                                                typing: Integer
                                                location: ~
                                                dependencies:
                                                  - - 22
                                                    - 0
                                              - kind:
                                                  Expression:
                                                    expression:
                                                      Constant:
                                                        constant:
                                                          Integer: 35
                                                typing: Integer
                                                location: ~
                                                dependencies: []
                                    typing: Boolean
                                    location: ~
                                    dependencies:
                                      - - 22
                                        - 0
                        typing: Boolean
                        location: ~
                        dependencies:
                          - - 22
                            - 0
                  typing: Boolean
                  location: ~
                  dependencies:
                    - - 22
                      - 1
              - - 18
                - kind:
                    Expression:
                      expression:
                        Identifier:
                          id: 23
                  typing: Boolean
                  location: ~
                  dependencies:
                    - - 23
                      - 0
            output_id: 19
        typing: Integer
        location: ~
        dependencies:
          - - 22
            - 1
          - - 23
            - 0
      location: ~
    23:
      id: 23
      expression:
        kind:
          FollowedBy:
            constant:
              Boolean: true
            expression:
              kind:
                Expression:
                  expression:
                    Application:
                      function_expression:
                        kind:
                          Expression:
                            expression:
                              Identifier:
                                id: 1
                        typing:
                          Abstract:
                            - - Boolean
                            - Boolean
                        location: ~
                        dependencies: ~
                      inputs:
                        - kind:
                            Expression:
                              expression:
                                Identifier:
                                  id: 23
                          typing: Boolean
                          location: ~
                          dependencies:
                            - - 23
                              - 0
              typing: Boolean
              location: ~
              dependencies:
                - - 23
                  - 0
        typing: Boolean
        location: ~
        dependencies:
          - - 23
            - 1
      location: ~
  unitary_nodes: {}
  contract:
    requires: []
    ensures: []
    invariant: []
  location: ~
  graph:
    ? - 22
      - 22
    : Weight: 1
    ? - 22
      - 23
    : Weight: 0
    ? - 23
      - 23
    : Weight: 1
location: ~

