---
source: tests/dependency_graph.rs
expression: file
---
typedefs: []
functions:
  - id: 19
    statements: []
    returned:
      kind:
        Application:
          function_expression:
            kind:
              Identifier:
                id: 15
            typing:
              Abstract:
                - - Boolean
                  - Boolean
                  - Boolean
                - Boolean
            location: ~
            dependencies: ~
          inputs:
            - kind:
                Identifier:
                  id: 17
              typing: Boolean
              location: ~
              dependencies: ~
            - kind:
                Application:
                  function_expression:
                    kind:
                      Identifier:
                        id: 1
                    typing:
                      Abstract:
                        - - Boolean
                        - Boolean
                    location: ~
                    dependencies: ~
                  inputs:
                    - kind:
                        Identifier:
                          id: 18
                      typing: Boolean
                      location: ~
                      dependencies: ~
              typing: Boolean
              location: ~
              dependencies: ~
            - kind:
                Identifier:
                  id: 18
              typing: Boolean
              location: ~
              dependencies: ~
      typing: Boolean
      location: ~
      dependencies: ~
    location: ~
nodes:
  - id: 24
    unscheduled_equations:
      22:
        id: 22
        expression:
          kind:
            Expression:
              expression:
                Application:
                  function_expression:
                    kind:
                      Expression:
                        expression:
                          Identifier:
                            id: 15
                    typing:
                      Abstract:
                        - - Boolean
                          - Integer
                          - Integer
                        - Integer
                    location: ~
                    dependencies: []
                  inputs:
                    - kind:
                        Expression:
                          expression:
                            Identifier:
                              id: 20
                      typing: Boolean
                      location: ~
                      dependencies:
                        - - 20
                          - Weight: 0
                    - kind:
                        Expression:
                          expression:
                            Constant:
                              constant:
                                Integer: 0
                      typing: Integer
                      location: ~
                      dependencies: []
                    - kind:
                        Expression:
                          expression:
                            Application:
                              function_expression:
                                kind:
                                  Expression:
                                    expression:
                                      Identifier:
                                        id: 5
                                typing:
                                  Abstract:
                                    - - Integer
                                      - Integer
                                    - Integer
                                location: ~
                                dependencies: []
                              inputs:
                                - kind:
                                    Expression:
                                      expression:
                                        Application:
                                          function_expression:
                                            kind:
                                              Expression:
                                                expression:
                                                  Identifier:
                                                    id: 2
                                            typing:
                                              Abstract:
                                                - - Integer
                                                - Integer
                                            location: ~
                                            dependencies: []
                                          inputs:
                                            - kind:
                                                FollowedBy:
                                                  constant:
                                                    kind:
                                                      Expression:
                                                        expression:
                                                          Constant:
                                                            constant:
                                                              Integer: 0
                                                    typing: Integer
                                                    location: ~
                                                    dependencies: []
                                                  expression:
                                                    kind:
                                                      Expression:
                                                        expression:
                                                          Identifier:
                                                            id: 22
                                                    typing: Integer
                                                    location: ~
                                                    dependencies:
                                                      - - 22
                                                        - Weight: 0
                                              typing: Integer
                                              location: ~
                                              dependencies:
                                                - - 22
                                                  - Weight: 1
                                  typing: Integer
                                  location: ~
                                  dependencies:
                                    - - 22
                                      - Weight: 1
                                - kind:
                                    Expression:
                                      expression:
                                        Identifier:
                                          id: 23
                                  typing: Integer
                                  location: ~
                                  dependencies:
                                    - - 23
                                      - Weight: 0
                      typing: Integer
                      location: ~
                      dependencies:
                        - - 22
                          - Weight: 1
                        - - 23
                          - Weight: 0
          typing: Integer
          location: ~
          dependencies:
            - - 20
              - Weight: 0
            - - 22
              - Weight: 1
            - - 23
              - Weight: 0
        location: ~
      23:
        id: 23
        expression:
          kind:
            Expression:
              expression:
                Application:
                  function_expression:
                    kind:
                      Expression:
                        expression:
                          Identifier:
                            id: 15
                    typing:
                      Abstract:
                        - - Boolean
                          - Integer
                          - Integer
                        - Integer
                    location: ~
                    dependencies: []
                  inputs:
                    - kind:
                        Expression:
                          expression:
                            Identifier:
                              id: 21
                      typing: Boolean
                      location: ~
                      dependencies:
                        - - 21
                          - Weight: 0
                    - kind:
                        Expression:
                          expression:
                            Constant:
                              constant:
                                Integer: 1
                      typing: Integer
                      location: ~
                      dependencies: []
                    - kind:
                        Expression:
                          expression:
                            Constant:
                              constant:
                                Integer: 0
                      typing: Integer
                      location: ~
                      dependencies: []
          typing: Integer
          location: ~
          dependencies:
            - - 21
              - Weight: 0
        location: ~
    unitary_nodes: {}
    contract:
      requires: []
      ensures: []
      invariant: []
    location: ~
    graph:
      ? - 22
        - 20
      : Weight: 0
      ? - 22
        - 22
      : Weight: 1
      ? - 22
        - 23
      : Weight: 0
      ? - 23
        - 21
      : Weight: 0
  - id: 30
    unscheduled_equations:
      26:
        id: 26
        expression:
          kind:
            Expression:
              expression:
                Application:
                  function_expression:
                    kind:
                      Expression:
                        expression:
                          Identifier:
                            id: 15
                    typing:
                      Abstract:
                        - - Boolean
                          - Integer
                          - Integer
                        - Integer
                    location: ~
                    dependencies: []
                  inputs:
                    - kind:
                        Expression:
                          expression:
                            Identifier:
                              id: 29
                      typing: Boolean
                      location: ~
                      dependencies:
                        - - 29
                          - Weight: 0
                    - kind:
                        Expression:
                          expression:
                            Application:
                              function_expression:
                                kind:
                                  Expression:
                                    expression:
                                      Identifier:
                                        id: 5
                                typing:
                                  Abstract:
                                    - - Integer
                                      - Integer
                                    - Integer
                                location: ~
                                dependencies: []
                              inputs:
                                - kind:
                                    Expression:
                                      expression:
                                        Identifier:
                                          id: 27
                                  typing: Integer
                                  location: ~
                                  dependencies:
                                    - - 27
                                      - Weight: 0
                                - kind:
                                    Expression:
                                      expression:
                                        Constant:
                                          constant:
                                            Integer: 1
                                  typing: Integer
                                  location: ~
                                  dependencies: []
                      typing: Integer
                      location: ~
                      dependencies:
                        - - 27
                          - Weight: 0
                    - kind:
                        Expression:
                          expression:
                            Constant:
                              constant:
                                Integer: 0
                      typing: Integer
                      location: ~
                      dependencies: []
          typing: Integer
          location: ~
          dependencies:
            - - 29
              - Weight: 0
            - - 27
              - Weight: 0
        location: ~
      27:
        id: 27
        expression:
          kind:
            NodeApplication:
              node_id: 24
              inputs:
                - - 20
                  - kind:
                      Expression:
                        expression:
                          Identifier:
                            id: 28
                    typing: Boolean
                    location: ~
                    dependencies:
                      - - 28
                        - Weight: 0
                - - 21
                  - kind:
                      Expression:
                        expression:
                          Constant:
                            constant:
                              Boolean: true
                    typing: Boolean
                    location: ~
                    dependencies: []
              output_id: 22
          typing: Integer
          location: ~
          dependencies:
            - - 28
              - Weight: 0
        location: ~
      28:
        id: 28
        expression:
          kind:
            FollowedBy:
              constant:
                kind:
                  Expression:
                    expression:
                      Constant:
                        constant:
                          Boolean: true
                typing: Boolean
                location: ~
                dependencies: []
              expression:
                kind:
                  Expression:
                    expression:
                      Application:
                        function_expression:
                          kind:
                            Expression:
                              expression:
                                Identifier:
                                  id: 2
                          typing:
                            Abstract:
                              - - Boolean
                              - Boolean
                          location: ~
                          dependencies: []
                        inputs:
                          - kind:
                              Expression:
                                expression:
                                  Application:
                                    function_expression:
                                      kind:
                                        Expression:
                                          expression:
                                            Identifier:
                                              id: 9
                                      typing:
                                        Abstract:
                                          - - Integer
                                            - Integer
                                          - Boolean
                                      location: ~
                                      dependencies: []
                                    inputs:
                                      - kind:
                                          Expression:
                                            expression:
                                              Application:
                                                function_expression:
                                                  kind:
                                                    Expression:
                                                      expression:
                                                        Identifier:
                                                          id: 5
                                                  typing:
                                                    Abstract:
                                                      - - Integer
                                                        - Integer
                                                      - Integer
                                                  location: ~
                                                  dependencies: []
                                                inputs:
                                                  - kind:
                                                      Expression:
                                                        expression:
                                                          Identifier:
                                                            id: 27
                                                    typing: Integer
                                                    location: ~
                                                    dependencies:
                                                      - - 27
                                                        - Weight: 0
                                                  - kind:
                                                      Expression:
                                                        expression:
                                                          Constant:
                                                            constant:
                                                              Integer: 1
                                                    typing: Integer
                                                    location: ~
                                                    dependencies: []
                                        typing: Integer
                                        location: ~
                                        dependencies:
                                          - - 27
                                            - Weight: 0
                                      - kind:
                                          Expression:
                                            expression:
                                              Identifier:
                                                id: 25
                                        typing: Integer
                                        location: ~
                                        dependencies:
                                          - - 25
                                            - Weight: 0
                            typing: Boolean
                            location: ~
                            dependencies:
                              - - 27
                                - Weight: 0
                              - - 25
                                - Weight: 0
                typing: Boolean
                location: ~
                dependencies:
                  - - 27
                    - Weight: 0
                  - - 25
                    - Weight: 0
          typing: Boolean
          location: ~
          dependencies:
            - - 27
              - Weight: 1
            - - 25
              - Weight: 1
        location: ~
      29:
        id: 29
        expression:
          kind:
            Expression:
              expression:
                Application:
                  function_expression:
                    kind:
                      Expression:
                        expression:
                          Identifier:
                            id: 19
                    typing:
                      Abstract:
                        - - Boolean
                          - Boolean
                        - Boolean
                    location: ~
                    dependencies: []
                  inputs:
                    - kind:
                        Expression:
                          expression:
                            Identifier:
                              id: 28
                      typing: Boolean
                      location: ~
                      dependencies:
                        - - 28
                          - Weight: 0
                    - kind:
                        FollowedBy:
                          constant:
                            kind:
                              Expression:
                                expression:
                                  Constant:
                                    constant:
                                      Boolean: true
                            typing: Boolean
                            location: ~
                            dependencies: []
                          expression:
                            kind:
                              Expression:
                                expression:
                                  Identifier:
                                    id: 29
                            typing: Boolean
                            location: ~
                            dependencies:
                              - - 29
                                - Weight: 0
                      typing: Boolean
                      location: ~
                      dependencies:
                        - - 29
                          - Weight: 1
          typing: Boolean
          location: ~
          dependencies:
            - - 28
              - Weight: 0
            - - 29
              - Weight: 1
        location: ~
    unitary_nodes: {}
    contract:
      requires: []
      ensures: []
      invariant: []
    location: ~
    graph:
      ? - 26
        - 27
      : Weight: 0
      ? - 26
        - 29
      : Weight: 0
      ? - 27
        - 28
      : Weight: 0
      ? - 28
        - 25
      : Weight: 1
      ? - 28
        - 27
      : Weight: 1
      ? - 29
        - 28
      : Weight: 0
      ? - 29
        - 29
      : Weight: 1
component: ~
interface: ~
location: ~
