---
source: tests/hir_from_ast.rs
expression: file
---
typedefs:
  - id: 19
    kind:
      Enumeration:
        elements:
          - 17
          - 18
    location: ~
  - id: 22
    kind:
      Enumeration:
        elements:
          - 20
          - 21
    location: ~
functions: []
nodes:
  - id: 26
    unscheduled_equations:
      25:
        id: 25
        expression:
          kind:
            Expression:
              expression:
                Application:
                  function_expression:
                    kind:
                      Expression:
                        expression:
                          Identifier:
                            id: 15
                    typing: ~
                    location: ~
                    dependencies: ~
                  inputs:
                    - kind:
                        Expression:
                          expression:
                            Identifier:
                              id: 23
                      typing: ~
                      location: ~
                      dependencies: ~
                    - kind:
                        Expression:
                          expression:
                            Constant:
                              constant:
                                Integer: 0
                      typing: ~
                      location: ~
                      dependencies: ~
                    - kind:
                        Expression:
                          expression:
                            Application:
                              function_expression:
                                kind:
                                  Expression:
                                    expression:
                                      Identifier:
                                        id: 5
                                typing: ~
                                location: ~
                                dependencies: ~
                              inputs:
                                - kind:
                                    Expression:
                                      expression:
                                        Application:
                                          function_expression:
                                            kind:
                                              Expression:
                                                expression:
                                                  Identifier:
                                                    id: 2
                                            typing: ~
                                            location: ~
                                            dependencies: ~
                                          inputs:
                                            - kind:
                                                FollowedBy:
                                                  constant:
                                                    kind:
                                                      Expression:
                                                        expression:
                                                          Constant:
                                                            constant:
                                                              Integer: 0
                                                    typing: ~
                                                    location: ~
                                                    dependencies: ~
                                                  expression:
                                                    kind:
                                                      Expression:
                                                        expression:
                                                          Identifier:
                                                            id: 25
                                                    typing: ~
                                                    location: ~
                                                    dependencies: ~
                                              typing: ~
                                              location: ~
                                              dependencies: ~
                                  typing: ~
                                  location: ~
                                  dependencies: ~
                                - kind:
                                    Expression:
                                      expression:
                                        Identifier:
                                          id: 24
                                  typing: ~
                                  location: ~
                                  dependencies: ~
                      typing: ~
                      location: ~
                      dependencies: ~
          typing: ~
          location: ~
          dependencies: ~
        location: ~
    unitary_nodes: {}
    contract:
      requires: []
      ensures: []
      invariant: []
    location: ~
    graph: ~
  - id: 35
    unscheduled_equations:
      31:
        id: 31
        expression:
          kind:
            Expression:
              expression:
                Match:
                  expression:
                    kind:
                      Expression:
                        expression:
                          Application:
                            function_expression:
                              kind:
                                Expression:
                                  expression:
                                    Identifier:
                                      id: 2
                              typing: ~
                              location: ~
                              dependencies: ~
                            inputs:
                              - kind:
                                  Expression:
                                    expression:
                                      Identifier:
                                        id: 27
                                typing: ~
                                location: ~
                                dependencies: ~
                    typing: ~
                    location: ~
                    dependencies: ~
                  arms:
                    - - kind:
                          Enumeration:
                            enum_id: 19
                            elem_id: 17
                        typing: ~
                        location: ~
                      - ~
                      - []
                      - kind:
                          Expression:
                            expression:
                              Enumeration:
                                enum_id: 22
                                elem_id: 21
                        typing: ~
                        location: ~
                        dependencies: ~
                    - - kind:
                          Enumeration:
                            enum_id: 19
                            elem_id: 18
                        typing: ~
                        location: ~
                      - ~
                      - []
                      - kind:
                          Expression:
                            expression:
                              Application:
                                function_expression:
                                  kind:
                                    Expression:
                                      expression:
                                        Identifier:
                                          id: 15
                                  typing: ~
                                  location: ~
                                  dependencies: ~
                                inputs:
                                  - kind:
                                      Expression:
                                        expression:
                                          Application:
                                            function_expression:
                                              kind:
                                                Expression:
                                                  expression:
                                                    Identifier:
                                                      id: 11
                                              typing: ~
                                              location: ~
                                              dependencies: ~
                                            inputs:
                                              - kind:
                                                  Expression:
                                                    expression:
                                                      Identifier:
                                                        id: 33
                                                typing: ~
                                                location: ~
                                                dependencies: ~
                                              - kind:
                                                  Expression:
                                                    expression:
                                                      Identifier:
                                                        id: 29
                                                typing: ~
                                                location: ~
                                                dependencies: ~
                                    typing: ~
                                    location: ~
                                    dependencies: ~
                                  - kind:
                                      Expression:
                                        expression:
                                          Enumeration:
                                            enum_id: 22
                                            elem_id: 20
                                    typing: ~
                                    location: ~
                                    dependencies: ~
                                  - kind:
                                      Expression:
                                        expression:
                                          Enumeration:
                                            enum_id: 22
                                            elem_id: 21
                                    typing: ~
                                    location: ~
                                    dependencies: ~
                        typing: ~
                        location: ~
                        dependencies: ~
          typing: ~
          location: ~
          dependencies: ~
        location: ~
      32:
        id: 32
        expression:
          kind:
            Expression:
              expression:
                Match:
                  expression:
                    kind:
                      Expression:
                        expression:
                          Application:
                            function_expression:
                              kind:
                                Expression:
                                  expression:
                                    Identifier:
                                      id: 2
                              typing: ~
                              location: ~
                              dependencies: ~
                            inputs:
                              - kind:
                                  Expression:
                                    expression:
                                      Identifier:
                                        id: 27
                                typing: ~
                                location: ~
                                dependencies: ~
                    typing: ~
                    location: ~
                    dependencies: ~
                  arms:
                    - - kind:
                          Enumeration:
                            enum_id: 19
                            elem_id: 17
                        typing: ~
                        location: ~
                      - ~
                      - []
                      - kind:
                          FollowedBy:
                            constant:
                              kind:
                                Expression:
                                  expression:
                                    Constant:
                                      constant:
                                        Boolean: false
                              typing: ~
                              location: ~
                              dependencies: ~
                            expression:
                              kind:
                                Expression:
                                  expression:
                                    Identifier:
                                      id: 32
                              typing: ~
                              location: ~
                              dependencies: ~
                        typing: ~
                        location: ~
                        dependencies: ~
                    - - kind:
                          Enumeration:
                            enum_id: 19
                            elem_id: 18
                        typing: ~
                        location: ~
                      - ~
                      - []
                      - kind:
                          Expression:
                            expression:
                              Application:
                                function_expression:
                                  kind:
                                    Expression:
                                      expression:
                                        Identifier:
                                          id: 11
                                  typing: ~
                                  location: ~
                                  dependencies: ~
                                inputs:
                                  - kind:
                                      Expression:
                                        expression:
                                          Identifier:
                                            id: 33
                                    typing: ~
                                    location: ~
                                    dependencies: ~
                                  - kind:
                                      Expression:
                                        expression:
                                          Application:
                                            function_expression:
                                              kind:
                                                Expression:
                                                  expression:
                                                    Identifier:
                                                      id: 5
                                              typing: ~
                                              location: ~
                                              dependencies: ~
                                            inputs:
                                              - kind:
                                                  Expression:
                                                    expression:
                                                      Identifier:
                                                        id: 29
                                                typing: ~
                                                location: ~
                                                dependencies: ~
                                              - kind:
                                                  Expression:
                                                    expression:
                                                      Identifier:
                                                        id: 30
                                                typing: ~
                                                location: ~
                                                dependencies: ~
                                    typing: ~
                                    location: ~
                                    dependencies: ~
                        typing: ~
                        location: ~
                        dependencies: ~
          typing: ~
          location: ~
          dependencies: ~
        location: ~
      33:
        id: 33
        expression:
          kind:
            NodeApplication:
              node_id: 26
              inputs:
                - - 23
                  - kind:
                      Expression:
                        expression:
                          Identifier:
                            id: 34
                    typing: ~
                    location: ~
                    dependencies: ~
                - - 24
                  - kind:
                      Expression:
                        expression:
                          Identifier:
                            id: 28
                    typing: ~
                    location: ~
                    dependencies: ~
              output_id: 25
          typing: ~
          location: ~
          dependencies: ~
        location: ~
      34:
        id: 34
        expression:
          kind:
            Expression:
              expression:
                Application:
                  function_expression:
                    kind:
                      Expression:
                        expression:
                          Identifier:
                            id: 7
                    typing: ~
                    location: ~
                    dependencies: ~
                  inputs:
                    - kind:
                        Expression:
                          expression:
                            Application:
                              function_expression:
                                kind:
                                  Expression:
                                    expression:
                                      Identifier:
                                        id: 2
                                typing: ~
                                location: ~
                                dependencies: ~
                              inputs:
                                - kind:
                                    Expression:
                                      expression:
                                        Application:
                                          function_expression:
                                            kind:
                                              Expression:
                                                expression:
                                                  Identifier:
                                                    id: 9
                                            typing: ~
                                            location: ~
                                            dependencies: ~
                                          inputs:
                                            - kind:
                                                Expression:
                                                  expression:
                                                    Identifier:
                                                      id: 27
                                              typing: ~
                                              location: ~
                                              dependencies: ~
                                            - kind:
                                                Expression:
                                                  expression:
                                                    Enumeration:
                                                      enum_id: 19
                                                      elem_id: 18
                                              typing: ~
                                              location: ~
                                              dependencies: ~
                                  typing: ~
                                  location: ~
                                  dependencies: ~
                      typing: ~
                      location: ~
                      dependencies: ~
                    - kind:
                        Expression:
                          expression:
                            Application:
                              function_expression:
                                kind:
                                  Expression:
                                    expression:
                                      Identifier:
                                        id: 2
                                typing: ~
                                location: ~
                                dependencies: ~
                              inputs:
                                - kind:
                                    FollowedBy:
                                      constant:
                                        kind:
                                          Expression:
                                            expression:
                                              Constant:
                                                constant:
                                                  Boolean: true
                                        typing: ~
                                        location: ~
                                        dependencies: ~
                                      expression:
                                        kind:
                                          Expression:
                                            expression:
                                              Application:
                                                function_expression:
                                                  kind:
                                                    Expression:
                                                      expression:
                                                        Identifier:
                                                          id: 9
                                                  typing: ~
                                                  location: ~
                                                  dependencies: ~
                                                inputs:
                                                  - kind:
                                                      Expression:
                                                        expression:
                                                          Identifier:
                                                            id: 27
                                                    typing: ~
                                                    location: ~
                                                    dependencies: ~
                                                  - kind:
                                                      Expression:
                                                        expression:
                                                          Enumeration:
                                                            enum_id: 19
                                                            elem_id: 17
                                                    typing: ~
                                                    location: ~
                                                    dependencies: ~
                                        typing: ~
                                        location: ~
                                        dependencies: ~
                                  typing: ~
                                  location: ~
                                  dependencies: ~
                      typing: ~
                      location: ~
                      dependencies: ~
          typing: ~
          location: ~
          dependencies: ~
        location: ~
    unitary_nodes: {}
    contract:
      requires: []
      ensures: []
      invariant: []
    location: ~
    graph: ~
component: ~
location: ~
