---
source: tests/hir_from_ast.rs
expression: file
---
typedefs: []
functions:
  - id: 19
    statements: []
    returned:
      kind:
        Application:
          function_expression:
            kind:
              Identifier:
                id: 15
            typing: ~
            location: ~
            dependencies: ~
          inputs:
            - kind:
                Identifier:
                  id: 17
              typing: ~
              location: ~
              dependencies: ~
            - kind:
                Application:
                  function_expression:
                    kind:
                      Identifier:
                        id: 1
                    typing: ~
                    location: ~
                    dependencies: ~
                  inputs:
                    - kind:
                        Identifier:
                          id: 18
                      typing: ~
                      location: ~
                      dependencies: ~
              typing: ~
              location: ~
              dependencies: ~
            - kind:
                Identifier:
                  id: 18
              typing: ~
              location: ~
              dependencies: ~
      typing: ~
      location: ~
      dependencies: ~
    location: ~
nodes:
  - id: 24
    unscheduled_equations:
      22:
        id: 22
        expression:
          kind:
            Expression:
              expression:
                Application:
                  function_expression:
                    kind:
                      Expression:
                        expression:
                          Identifier:
                            id: 15
                    typing: ~
                    location: ~
                    dependencies: ~
                  inputs:
                    - kind:
                        Expression:
                          expression:
                            Identifier:
                              id: 20
                      typing: ~
                      location: ~
                      dependencies: ~
                    - kind:
                        Expression:
                          expression:
                            Constant:
                              constant:
                                Integer: 0
                      typing: ~
                      location: ~
                      dependencies: ~
                    - kind:
                        Expression:
                          expression:
                            Application:
                              function_expression:
                                kind:
                                  Expression:
                                    expression:
                                      Identifier:
                                        id: 5
                                typing: ~
                                location: ~
                                dependencies: ~
                              inputs:
                                - kind:
                                    Expression:
                                      expression:
                                        Application:
                                          function_expression:
                                            kind:
                                              Expression:
                                                expression:
                                                  Identifier:
                                                    id: 2
                                            typing: ~
                                            location: ~
                                            dependencies: ~
                                          inputs:
                                            - kind:
                                                FollowedBy:
                                                  constant:
                                                    kind:
                                                      Expression:
                                                        expression:
                                                          Constant:
                                                            constant:
                                                              Integer: 0
                                                    typing: ~
                                                    location: ~
                                                    dependencies: ~
                                                  expression:
                                                    kind:
                                                      Expression:
                                                        expression:
                                                          Identifier:
                                                            id: 22
                                                    typing: ~
                                                    location: ~
                                                    dependencies: ~
                                              typing: ~
                                              location: ~
                                              dependencies: ~
                                  typing: ~
                                  location: ~
                                  dependencies: ~
                                - kind:
                                    Expression:
                                      expression:
                                        Identifier:
                                          id: 23
                                  typing: ~
                                  location: ~
                                  dependencies: ~
                      typing: ~
                      location: ~
                      dependencies: ~
          typing: ~
          location: ~
          dependencies: ~
        location: ~
      23:
        id: 23
        expression:
          kind:
            Expression:
              expression:
                Application:
                  function_expression:
                    kind:
                      Expression:
                        expression:
                          Identifier:
                            id: 15
                    typing: ~
                    location: ~
                    dependencies: ~
                  inputs:
                    - kind:
                        Expression:
                          expression:
                            Identifier:
                              id: 21
                      typing: ~
                      location: ~
                      dependencies: ~
                    - kind:
                        Expression:
                          expression:
                            Constant:
                              constant:
                                Integer: 1
                      typing: ~
                      location: ~
                      dependencies: ~
                    - kind:
                        Expression:
                          expression:
                            Constant:
                              constant:
                                Integer: 0
                      typing: ~
                      location: ~
                      dependencies: ~
          typing: ~
          location: ~
          dependencies: ~
        location: ~
    unitary_nodes: {}
    contract:
      requires: []
      ensures: []
      invariant: []
    location: ~
    graph: {}
  - id: 30
    unscheduled_equations:
      26:
        id: 26
        expression:
          kind:
            Expression:
              expression:
                Application:
                  function_expression:
                    kind:
                      Expression:
                        expression:
                          Identifier:
                            id: 15
                    typing: ~
                    location: ~
                    dependencies: ~
                  inputs:
                    - kind:
                        Expression:
                          expression:
                            Identifier:
                              id: 29
                      typing: ~
                      location: ~
                      dependencies: ~
                    - kind:
                        Expression:
                          expression:
                            Application:
                              function_expression:
                                kind:
                                  Expression:
                                    expression:
                                      Identifier:
                                        id: 5
                                typing: ~
                                location: ~
                                dependencies: ~
                              inputs:
                                - kind:
                                    Expression:
                                      expression:
                                        Identifier:
                                          id: 27
                                  typing: ~
                                  location: ~
                                  dependencies: ~
                                - kind:
                                    Expression:
                                      expression:
                                        Constant:
                                          constant:
                                            Integer: 1
                                  typing: ~
                                  location: ~
                                  dependencies: ~
                      typing: ~
                      location: ~
                      dependencies: ~
                    - kind:
                        Expression:
                          expression:
                            Constant:
                              constant:
                                Integer: 0
                      typing: ~
                      location: ~
                      dependencies: ~
          typing: ~
          location: ~
          dependencies: ~
        location: ~
      27:
        id: 27
        expression:
          kind:
            NodeApplication:
              node_id: 24
              inputs:
                - - 20
                  - kind:
                      Expression:
                        expression:
                          Identifier:
                            id: 28
                    typing: ~
                    location: ~
                    dependencies: ~
                - - 21
                  - kind:
                      Expression:
                        expression:
                          Constant:
                            constant:
                              Boolean: true
                    typing: ~
                    location: ~
                    dependencies: ~
              output_id: 22
          typing: ~
          location: ~
          dependencies: ~
        location: ~
      28:
        id: 28
        expression:
          kind:
            FollowedBy:
              constant:
                kind:
                  Expression:
                    expression:
                      Constant:
                        constant:
                          Boolean: true
                typing: ~
                location: ~
                dependencies: ~
              expression:
                kind:
                  Expression:
                    expression:
                      Application:
                        function_expression:
                          kind:
                            Expression:
                              expression:
                                Identifier:
                                  id: 2
                          typing: ~
                          location: ~
                          dependencies: ~
                        inputs:
                          - kind:
                              Expression:
                                expression:
                                  Application:
                                    function_expression:
                                      kind:
                                        Expression:
                                          expression:
                                            Identifier:
                                              id: 9
                                      typing: ~
                                      location: ~
                                      dependencies: ~
                                    inputs:
                                      - kind:
                                          Expression:
                                            expression:
                                              Application:
                                                function_expression:
                                                  kind:
                                                    Expression:
                                                      expression:
                                                        Identifier:
                                                          id: 5
                                                  typing: ~
                                                  location: ~
                                                  dependencies: ~
                                                inputs:
                                                  - kind:
                                                      Expression:
                                                        expression:
                                                          Identifier:
                                                            id: 27
                                                    typing: ~
                                                    location: ~
                                                    dependencies: ~
                                                  - kind:
                                                      Expression:
                                                        expression:
                                                          Constant:
                                                            constant:
                                                              Integer: 1
                                                    typing: ~
                                                    location: ~
                                                    dependencies: ~
                                        typing: ~
                                        location: ~
                                        dependencies: ~
                                      - kind:
                                          Expression:
                                            expression:
                                              Identifier:
                                                id: 25
                                        typing: ~
                                        location: ~
                                        dependencies: ~
                            typing: ~
                            location: ~
                            dependencies: ~
                typing: ~
                location: ~
                dependencies: ~
          typing: ~
          location: ~
          dependencies: ~
        location: ~
      29:
        id: 29
        expression:
          kind:
            Expression:
              expression:
                Application:
                  function_expression:
                    kind:
                      Expression:
                        expression:
                          Identifier:
                            id: 19
                    typing: ~
                    location: ~
                    dependencies: ~
                  inputs:
                    - kind:
                        Expression:
                          expression:
                            Identifier:
                              id: 28
                      typing: ~
                      location: ~
                      dependencies: ~
                    - kind:
                        FollowedBy:
                          constant:
                            kind:
                              Expression:
                                expression:
                                  Constant:
                                    constant:
                                      Boolean: true
                            typing: ~
                            location: ~
                            dependencies: ~
                          expression:
                            kind:
                              Expression:
                                expression:
                                  Identifier:
                                    id: 29
                            typing: ~
                            location: ~
                            dependencies: ~
                      typing: ~
                      location: ~
                      dependencies: ~
          typing: ~
          location: ~
          dependencies: ~
        location: ~
    unitary_nodes: {}
    contract:
      requires: []
      ensures: []
      invariant: []
    location: ~
    graph: {}
component: ~
interface: ~
location: ~
