---
source: tests/normalizing.rs
expression: file
---
typedefs: []
functions: []
nodes:
  - id: 21
    unscheduled_equations:
      19:
        id: 19
        expression:
          kind:
            Expression:
              expression:
                Application:
                  function_expression:
                    kind:
                      Expression:
                        expression:
                          Identifier:
                            id: 15
                    typing:
                      Abstract:
                        - - Boolean
                          - Integer
                          - Integer
                        - Integer
                    location: ~
                    dependencies: []
                  inputs:
                    - kind:
                        Expression:
                          expression:
                            Identifier:
                              id: 17
                      typing: Boolean
                      location: ~
                      dependencies:
                        - - 17
                          - Weight: 0
                    - kind:
                        Expression:
                          expression:
                            Constant:
                              constant:
                                Integer: 0
                      typing: Integer
                      location: ~
                      dependencies: []
                    - kind:
                        Expression:
                          expression:
                            Application:
                              function_expression:
                                kind:
                                  Expression:
                                    expression:
                                      Identifier:
                                        id: 5
                                typing:
                                  Abstract:
                                    - - Integer
                                      - Integer
                                    - Integer
                                location: ~
                                dependencies: []
                              inputs:
                                - kind:
                                    Expression:
                                      expression:
                                        Application:
                                          function_expression:
                                            kind:
                                              Expression:
                                                expression:
                                                  Identifier:
                                                    id: 2
                                            typing:
                                              Abstract:
                                                - - Integer
                                                - Integer
                                            location: ~
                                            dependencies: []
                                          inputs:
                                            - kind:
                                                FollowedBy:
                                                  constant:
                                                    kind:
                                                      Expression:
                                                        expression:
                                                          Constant:
                                                            constant:
                                                              Integer: 0
                                                    typing: Integer
                                                    location: ~
                                                    dependencies: []
                                                  expression:
                                                    kind:
                                                      Expression:
                                                        expression:
                                                          Identifier:
                                                            id: 19
                                                    typing: Integer
                                                    location: ~
                                                    dependencies:
                                                      - - 19
                                                        - Weight: 0
                                              typing: Integer
                                              location: ~
                                              dependencies:
                                                - - 19
                                                  - Weight: 1
                                  typing: Integer
                                  location: ~
                                  dependencies:
                                    - - 19
                                      - Weight: 1
                                - kind:
                                    Expression:
                                      expression:
                                        Identifier:
                                          id: 20
                                  typing: Integer
                                  location: ~
                                  dependencies:
                                    - - 20
                                      - Weight: 0
                      typing: Integer
                      location: ~
                      dependencies:
                        - - 19
                          - Weight: 1
                        - - 20
                          - Weight: 0
          typing: Integer
          location: ~
          dependencies:
            - - 17
              - Weight: 0
            - - 19
              - Weight: 1
            - - 20
              - Weight: 0
        location: ~
      20:
        id: 20
        expression:
          kind:
            Expression:
              expression:
                Application:
                  function_expression:
                    kind:
                      Expression:
                        expression:
                          Identifier:
                            id: 15
                    typing:
                      Abstract:
                        - - Boolean
                          - Integer
                          - Integer
                        - Integer
                    location: ~
                    dependencies: []
                  inputs:
                    - kind:
                        Expression:
                          expression:
                            Identifier:
                              id: 18
                      typing: Boolean
                      location: ~
                      dependencies:
                        - - 18
                          - Weight: 0
                    - kind:
                        Expression:
                          expression:
                            Constant:
                              constant:
                                Integer: 1
                      typing: Integer
                      location: ~
                      dependencies: []
                    - kind:
                        Expression:
                          expression:
                            Constant:
                              constant:
                                Integer: 0
                      typing: Integer
                      location: ~
                      dependencies: []
          typing: Integer
          location: ~
          dependencies:
            - - 18
              - Weight: 0
        location: ~
    unitary_nodes:
      19:
        id: 25
        statements:
          - id: 20
            expression:
              kind:
                Expression:
                  expression:
                    Application:
                      function_expression:
                        kind:
                          Expression:
                            expression:
                              Identifier:
                                id: 15
                        typing:
                          Abstract:
                            - - Boolean
                              - Integer
                              - Integer
                            - Integer
                        location: ~
                        dependencies: []
                      inputs:
                        - kind:
                            Expression:
                              expression:
                                Identifier:
                                  id: 18
                          typing: Boolean
                          location: ~
                          dependencies:
                            - - 18
                              - Weight: 0
                        - kind:
                            Expression:
                              expression:
                                Constant:
                                  constant:
                                    Integer: 1
                          typing: Integer
                          location: ~
                          dependencies: []
                        - kind:
                            Expression:
                              expression:
                                Constant:
                                  constant:
                                    Integer: 0
                          typing: Integer
                          location: ~
                          dependencies: []
              typing: Integer
              location: ~
              dependencies:
                - - 18
                  - Weight: 0
            location: ~
          - id: 19
            expression:
              kind:
                Expression:
                  expression:
                    Application:
                      function_expression:
                        kind:
                          Expression:
                            expression:
                              Identifier:
                                id: 15
                        typing:
                          Abstract:
                            - - Boolean
                              - Integer
                              - Integer
                            - Integer
                        location: ~
                        dependencies: []
                      inputs:
                        - kind:
                            Expression:
                              expression:
                                Identifier:
                                  id: 17
                          typing: Boolean
                          location: ~
                          dependencies:
                            - - 17
                              - Weight: 0
                        - kind:
                            Expression:
                              expression:
                                Constant:
                                  constant:
                                    Integer: 0
                          typing: Integer
                          location: ~
                          dependencies: []
                        - kind:
                            Expression:
                              expression:
                                Application:
                                  function_expression:
                                    kind:
                                      Expression:
                                        expression:
                                          Identifier:
                                            id: 5
                                    typing:
                                      Abstract:
                                        - - Integer
                                          - Integer
                                        - Integer
                                    location: ~
                                    dependencies: []
                                  inputs:
                                    - kind:
                                        Expression:
                                          expression:
                                            Application:
                                              function_expression:
                                                kind:
                                                  Expression:
                                                    expression:
                                                      Identifier:
                                                        id: 2
                                                typing:
                                                  Abstract:
                                                    - - Integer
                                                    - Integer
                                                location: ~
                                                dependencies: []
                                              inputs:
                                                - kind:
                                                    Expression:
                                                      expression:
                                                        Identifier:
                                                          id: 28
                                                  typing: Integer
                                                  location: ~
                                                  dependencies:
                                                    - - 28
                                                      - Weight: 0
                                      typing: Integer
                                      location: ~
                                      dependencies:
                                        - - 19
                                          - Weight: 1
                                    - kind:
                                        Expression:
                                          expression:
                                            Identifier:
                                              id: 20
                                      typing: Integer
                                      location: ~
                                      dependencies:
                                        - - 20
                                          - Weight: 0
                          typing: Integer
                          location: ~
                          dependencies:
                            - - 19
                              - Weight: 1
                            - - 20
                              - Weight: 0
              typing: Integer
              location: ~
              dependencies:
                - - 17
                  - Weight: 0
                - - 19
                  - Weight: 1
                - - 20
                  - Weight: 0
            location: ~
        memory:
          buffers:
            28:
              typing: Integer
              initial_expression:
                kind:
                  Expression:
                    expression:
                      Constant:
                        constant:
                          Integer: 0
                typing: Integer
                location: ~
                dependencies: []
              expression:
                kind:
                  Expression:
                    expression:
                      Identifier:
                        id: 19
                typing: Integer
                location: ~
                dependencies:
                  - - 19
                    - Weight: 0
          called_nodes: {}
        location: ~
        graph:
          nodes:
            - 19
            - 20
            - 28
            - 17
            - 18
          node_holes: []
          edge_property: directed
          edges:
            - - 0
              - 3
              - Weight: 0
            - - 0
              - 0
              - Weight: 1
            - - 0
              - 1
              - Weight: 0
            - - 1
              - 4
              - Weight: 0
        contract:
          requires: []
          ensures: []
          invariant: []
    contract:
      requires: []
      ensures: []
      invariant: []
    location: ~
    graph:
      ? - 19
        - 17
      : Weight: 0
      ? - 19
        - 19
      : Weight: 1
      ? - 19
        - 20
      : Weight: 0
      ? - 20
        - 18
      : Weight: 0
component:
  id: 24
  unscheduled_equations:
    22:
      id: 22
      expression:
        kind:
          NodeApplication:
            node_id: 21
            inputs:
              - - 17
                - kind:
                    FollowedBy:
                      constant:
                        kind:
                          Expression:
                            expression:
                              Constant:
                                constant:
                                  Boolean: false
                        typing: Boolean
                        location: ~
                        dependencies: []
                      expression:
                        kind:
                          Expression:
                            expression:
                              Application:
                                function_expression:
                                  kind:
                                    Expression:
                                      expression:
                                        Identifier:
                                          id: 2
                                  typing:
                                    Abstract:
                                      - - Boolean
                                      - Boolean
                                  location: ~
                                  dependencies: []
                                inputs:
                                  - kind:
                                      Expression:
                                        expression:
                                          Application:
                                            function_expression:
                                              kind:
                                                Expression:
                                                  expression:
                                                    Identifier:
                                                      id: 13
                                              typing:
                                                Abstract:
                                                  - - Integer
                                                    - Integer
                                                  - Boolean
                                              location: ~
                                              dependencies: []
                                            inputs:
                                              - kind:
                                                  Expression:
                                                    expression:
                                                      Identifier:
                                                        id: 22
                                                typing: Integer
                                                location: ~
                                                dependencies:
                                                  - - 22
                                                    - Weight: 0
                                              - kind:
                                                  Expression:
                                                    expression:
                                                      Constant:
                                                        constant:
                                                          Integer: 35
                                                typing: Integer
                                                location: ~
                                                dependencies: []
                                    typing: Boolean
                                    location: ~
                                    dependencies:
                                      - - 22
                                        - Weight: 0
                        typing: Boolean
                        location: ~
                        dependencies:
                          - - 22
                            - Weight: 0
                  typing: Boolean
                  location: ~
                  dependencies:
                    - - 22
                      - Weight: 1
              - - 18
                - kind:
                    Expression:
                      expression:
                        Identifier:
                          id: 23
                  typing: Boolean
                  location: ~
                  dependencies:
                    - - 23
                      - Weight: 0
            output_id: 19
        typing: Integer
        location: ~
        dependencies:
          - - 22
            - Weight: 1
          - - 23
            - Weight: 0
      location: ~
    23:
      id: 23
      expression:
        kind:
          FollowedBy:
            constant:
              kind:
                Expression:
                  expression:
                    Constant:
                      constant:
                        Boolean: true
              typing: Boolean
              location: ~
              dependencies: []
            expression:
              kind:
                Expression:
                  expression:
                    Application:
                      function_expression:
                        kind:
                          Expression:
                            expression:
                              Identifier:
                                id: 1
                        typing:
                          Abstract:
                            - - Boolean
                            - Boolean
                        location: ~
                        dependencies: []
                      inputs:
                        - kind:
                            Expression:
                              expression:
                                Identifier:
                                  id: 23
                          typing: Boolean
                          location: ~
                          dependencies:
                            - - 23
                              - Weight: 0
              typing: Boolean
              location: ~
              dependencies:
                - - 23
                  - Weight: 0
        typing: Boolean
        location: ~
        dependencies:
          - - 23
            - Weight: 1
      location: ~
  unitary_nodes:
    22:
      id: 26
      statements:
        - id: 27
          expression:
            kind:
              Expression:
                expression:
                  Identifier:
                    id: 29
            typing: Boolean
            location: ~
            dependencies:
              - - 29
                - Weight: 0
          location: ~
        - id: 23
          expression:
            kind:
              Expression:
                expression:
                  Identifier:
                    id: 31
            typing: Boolean
            location: ~
            dependencies:
              - - 31
                - Weight: 0
          location: ~
        - id: 22
          expression:
            kind:
              UnitaryNodeApplication:
                node_id: 25
                inputs:
                  - - 17
                    - kind:
                        Expression:
                          expression:
                            Identifier:
                              id: 27
                      typing: Boolean
                      location: ~
                      dependencies:
                        - - 27
                          - Weight: 0
                  - - 18
                    - kind:
                        Expression:
                          expression:
                            Identifier:
                              id: 23
                      typing: Boolean
                      location: ~
                      dependencies:
                        - - 23
                          - Weight: 0
                output_id: 19
            typing: Integer
            location: ~
            dependencies:
              - - 27
                - Weight: 0
              - - 23
                - Weight: 0
          location: ~
      memory:
        buffers:
          29:
            typing: Boolean
            initial_expression:
              kind:
                Expression:
                  expression:
                    Constant:
                      constant:
                        Boolean: false
              typing: Boolean
              location: ~
              dependencies: []
            expression:
              kind:
                Expression:
                  expression:
                    Application:
                      function_expression:
                        kind:
                          Expression:
                            expression:
                              Identifier:
                                id: 2
                        typing:
                          Abstract:
                            - - Boolean
                            - Boolean
                        location: ~
                        dependencies: []
                      inputs:
                        - kind:
                            Expression:
                              expression:
                                Application:
                                  function_expression:
                                    kind:
                                      Expression:
                                        expression:
                                          Identifier:
                                            id: 13
                                    typing:
                                      Abstract:
                                        - - Integer
                                          - Integer
                                        - Boolean
                                    location: ~
                                    dependencies: []
                                  inputs:
                                    - kind:
                                        Expression:
                                          expression:
                                            Identifier:
                                              id: 22
                                      typing: Integer
                                      location: ~
                                      dependencies:
                                        - - 22
                                          - Weight: 0
                                    - kind:
                                        Expression:
                                          expression:
                                            Constant:
                                              constant:
                                                Integer: 35
                                      typing: Integer
                                      location: ~
                                      dependencies: []
                          typing: Boolean
                          location: ~
                          dependencies:
                            - - 22
                              - Weight: 0
              typing: Boolean
              location: ~
              dependencies:
                - - 22
                  - Weight: 0
          31:
            typing: Boolean
            initial_expression:
              kind:
                Expression:
                  expression:
                    Constant:
                      constant:
                        Boolean: true
              typing: Boolean
              location: ~
              dependencies: []
            expression:
              kind:
                Expression:
                  expression:
                    Application:
                      function_expression:
                        kind:
                          Expression:
                            expression:
                              Identifier:
                                id: 1
                        typing:
                          Abstract:
                            - - Boolean
                            - Boolean
                        location: ~
                        dependencies: []
                      inputs:
                        - kind:
                            Expression:
                              expression:
                                Identifier:
                                  id: 23
                          typing: Boolean
                          location: ~
                          dependencies:
                            - - 23
                              - Weight: 0
              typing: Boolean
              location: ~
              dependencies:
                - - 23
                  - Weight: 0
        called_nodes:
          30:
            node_id: 25
            signal_id: 19
      location: ~
      graph:
        nodes:
          - 27
          - 22
          - 23
          - 29
          - 31
        node_holes: []
        edge_property: directed
        edges:
          - - 0
            - 3
            - Weight: 0
          - - 1
            - 0
            - Weight: 0
          - - 1
            - 2
            - Weight: 0
          - - 2
            - 4
            - Weight: 0
      contract:
        requires: []
        ensures: []
        invariant: []
  contract:
    requires: []
    ensures: []
    invariant: []
  location: ~
  graph:
    ? - 22
      - 22
    : Weight: 1
    ? - 22
      - 23
    : Weight: 0
    ? - 23
      - 23
    : Weight: 1
location: ~
