---
source: tests/rust_ast_from_lir.rs
expression: project
---
directory: ""
files:
  - path: src/integrate_i.rs
    items:
      - Import:
          Use:
            public_visibility: false
            tree:
              Path:
                module_name: crate
                tree:
                  Path:
                    module_name: functions
                    tree:
                      Name:
                        name: min
                        alias: ~
      - Structure:
          public_visibility: true
          name: integrate_iInput
          fields:
            - public_visibility: true
              name: x
              type:
                Identifier:
                  identifier: f64
            - public_visibility: true
              name: dt
              type:
                Identifier:
                  identifier: f64
      - Structure:
          public_visibility: true
          name: integrate_iState
          fields:
            - public_visibility: false
              name: mem_prev_i
              type:
                Identifier:
                  identifier: f64
      - Implementation:
          trait_name: ~
          type_name: integrate_iState
          items:
            - AssociatedMethod:
                signature:
                  public_visibility: true
                  name: init
                  receiver: ~
                  inputs: []
                  output:
                    Identifier:
                      identifier: integrate_iState
                body:
                  statements:
                    - ExpressionLast:
                        Structure:
                          name: integrate_iState
                          fields:
                            - name: mem_prev_i
                              expression:
                                Literal:
                                  literal:
                                    Float: 0
            - AssociatedMethod:
                signature:
                  public_visibility: true
                  name: step
                  receiver:
                    reference: false
                    mutable: false
                  inputs:
                    - - input
                      - Identifier:
                          identifier: integrate_iInput
                  output:
                    Tuple:
                      elements:
                        - Identifier:
                            identifier: integrate_iState
                        - Identifier:
                            identifier: f64
                body:
                  statements:
                    - Let:
                        pattern:
                          Identifier:
                            reference: false
                            mutable: false
                            identifier: MAX_INTEGRALE
                        expression:
                          Literal:
                            literal:
                              Float: 1000
                    - Let:
                        pattern:
                          Identifier:
                            reference: false
                            mutable: false
                            identifier: prev_i
                        expression:
                          FieldAccess:
                            expression:
                              Identifier:
                                identifier: self
                            field: mem_prev_i
                    - Let:
                        pattern:
                          Identifier:
                            reference: false
                            mutable: false
                            identifier: i
                        expression:
                          FunctionCall:
                            function:
                              Identifier:
                                identifier: min
                            arguments:
                              - Binary:
                                  left:
                                    Identifier:
                                      identifier: prev_i
                                  operator: Add
                                  right:
                                    Binary:
                                      left:
                                        FieldAccess:
                                          expression:
                                            Identifier:
                                              identifier: input
                                          field: x
                                      operator: Mul
                                      right:
                                        FieldAccess:
                                          expression:
                                            Identifier:
                                              identifier: input
                                          field: dt
                              - Identifier:
                                  identifier: MAX_INTEGRALE
                    - ExpressionLast:
                        Tuple:
                          elements:
                            - Structure:
                                name: integrate_iState
                                fields:
                                  - name: mem_prev_i
                                    expression:
                                      Identifier:
                                        identifier: i
                            - Identifier:
                                identifier: i
  - path: src/derive_d.rs
    items:
      - Structure:
          public_visibility: true
          name: derive_dInput
          fields:
            - public_visibility: true
              name: x
              type:
                Identifier:
                  identifier: f64
            - public_visibility: true
              name: dt
              type:
                Identifier:
                  identifier: f64
      - Structure:
          public_visibility: true
          name: derive_dState
          fields:
            - public_visibility: false
              name: mem_prev_x
              type:
                Identifier:
                  identifier: f64
      - Implementation:
          trait_name: ~
          type_name: derive_dState
          items:
            - AssociatedMethod:
                signature:
                  public_visibility: true
                  name: init
                  receiver: ~
                  inputs: []
                  output:
                    Identifier:
                      identifier: derive_dState
                body:
                  statements:
                    - ExpressionLast:
                        Structure:
                          name: derive_dState
                          fields:
                            - name: mem_prev_x
                              expression:
                                Literal:
                                  literal:
                                    Float: 0
            - AssociatedMethod:
                signature:
                  public_visibility: true
                  name: step
                  receiver:
                    reference: false
                    mutable: false
                  inputs:
                    - - input
                      - Identifier:
                          identifier: derive_dInput
                  output:
                    Tuple:
                      elements:
                        - Identifier:
                            identifier: derive_dState
                        - Identifier:
                            identifier: f64
                body:
                  statements:
                    - Let:
                        pattern:
                          Identifier:
                            reference: false
                            mutable: false
                            identifier: prev_x
                        expression:
                          FieldAccess:
                            expression:
                              Identifier:
                                identifier: self
                            field: mem_prev_x
                    - Let:
                        pattern:
                          Identifier:
                            reference: false
                            mutable: false
                            identifier: d
                        expression:
                          Binary:
                            left:
                              Unary:
                                operator: Brackets
                                expression:
                                  Binary:
                                    left:
                                      FieldAccess:
                                        expression:
                                          Identifier:
                                            identifier: input
                                        field: x
                                    operator: Sub
                                    right:
                                      Identifier:
                                        identifier: prev_x
                            operator: Div
                            right:
                              FieldAccess:
                                expression:
                                  Identifier:
                                    identifier: input
                                field: dt
                    - ExpressionLast:
                        Tuple:
                          elements:
                            - Structure:
                                name: derive_dState
                                fields:
                                  - name: mem_prev_x
                                    expression:
                                      FieldAccess:
                                        expression:
                                          Identifier:
                                            identifier: input
                                        field: x
                            - Identifier:
                                identifier: d
  - path: src/pid_u.rs
    items:
      - Import:
          Use:
            public_visibility: false
            tree:
              Path:
                module_name: crate
                tree:
                  Path:
                    module_name: derive_d
                    tree: Star
      - Import:
          Use:
            public_visibility: false
            tree:
              Path:
                module_name: crate
                tree:
                  Path:
                    module_name: integrate_i
                    tree: Star
      - Import:
          Use:
            public_visibility: false
            tree:
              Path:
                module_name: crate
                tree:
                  Path:
                    module_name: typedefs
                    tree:
                      Name:
                        name: GainPID
                        alias: ~
      - Structure:
          public_visibility: true
          name: pid_uInput
          fields:
            - public_visibility: true
              name: v_c
              type:
                Identifier:
                  identifier: f64
            - public_visibility: true
              name: v
              type:
                Identifier:
                  identifier: f64
            - public_visibility: true
              name: dt
              type:
                Identifier:
                  identifier: f64
      - Structure:
          public_visibility: true
          name: pid_uState
          fields:
            - public_visibility: false
              name: derive_d_e_d
              type:
                Identifier:
                  identifier: derive_dState
            - public_visibility: false
              name: integrate_i_e_i
              type:
                Identifier:
                  identifier: integrate_iState
      - Implementation:
          trait_name: ~
          type_name: pid_uState
          items:
            - AssociatedMethod:
                signature:
                  public_visibility: true
                  name: init
                  receiver: ~
                  inputs: []
                  output:
                    Identifier:
                      identifier: pid_uState
                body:
                  statements:
                    - ExpressionLast:
                        Structure:
                          name: pid_uState
                          fields:
                            - name: derive_d_e_d
                              expression:
                                FunctionCall:
                                  function:
                                    Identifier:
                                      identifier: "derive_dState::init"
                                  arguments: []
                            - name: integrate_i_e_i
                              expression:
                                FunctionCall:
                                  function:
                                    Identifier:
                                      identifier: "integrate_iState::init"
                                  arguments: []
            - AssociatedMethod:
                signature:
                  public_visibility: true
                  name: step
                  receiver:
                    reference: false
                    mutable: false
                  inputs:
                    - - input
                      - Identifier:
                          identifier: pid_uInput
                  output:
                    Tuple:
                      elements:
                        - Identifier:
                            identifier: pid_uState
                        - Identifier:
                            identifier: f64
                body:
                  statements:
                    - Let:
                        pattern:
                          Identifier:
                            reference: false
                            mutable: false
                            identifier: e
                        expression:
                          Binary:
                            left:
                              FieldAccess:
                                expression:
                                  Identifier:
                                    identifier: input
                                field: v_c
                            operator: Sub
                            right:
                              FieldAccess:
                                expression:
                                  Identifier:
                                    identifier: input
                                field: v
                    - Let:
                        pattern:
                          Tuple:
                            elements:
                              - Identifier:
                                  reference: false
                                  mutable: false
                                  identifier: derive_d_e_d
                              - Identifier:
                                  reference: false
                                  mutable: false
                                  identifier: e_d
                        expression:
                          MethodCall:
                            receiver:
                              FieldAccess:
                                expression:
                                  Identifier:
                                    identifier: self
                                field: derive_d_e_d
                            method: step
                            arguments:
                              - Structure:
                                  name: derive_dInput
                                  fields:
                                    - name: x
                                      expression:
                                        Identifier:
                                          identifier: e
                                    - name: dt
                                      expression:
                                        FieldAccess:
                                          expression:
                                            Identifier:
                                              identifier: input
                                          field: dt
                    - Let:
                        pattern:
                          Tuple:
                            elements:
                              - Identifier:
                                  reference: false
                                  mutable: false
                                  identifier: integrate_i_e_i
                              - Identifier:
                                  reference: false
                                  mutable: false
                                  identifier: e_i
                        expression:
                          MethodCall:
                            receiver:
                              FieldAccess:
                                expression:
                                  Identifier:
                                    identifier: self
                                field: integrate_i_e_i
                            method: step
                            arguments:
                              - Structure:
                                  name: integrate_iInput
                                  fields:
                                    - name: x
                                      expression:
                                        Identifier:
                                          identifier: e
                                    - name: dt
                                      expression:
                                        FieldAccess:
                                          expression:
                                            Identifier:
                                              identifier: input
                                          field: dt
                    - Let:
                        pattern:
                          Identifier:
                            reference: false
                            mutable: false
                            identifier: gain
                        expression:
                          Structure:
                            name: GainPID
                            fields:
                              - name: k_p
                                expression:
                                  Literal:
                                    literal:
                                      Float: 0.2
                              - name: k_i
                                expression:
                                  Literal:
                                    literal:
                                      Float: 1.5
                              - name: k_d
                                expression:
                                  Literal:
                                    literal:
                                      Float: 6
                    - Let:
                        pattern:
                          Identifier:
                            reference: false
                            mutable: false
                            identifier: u
                        expression:
                          Match:
                            matched:
                              Identifier:
                                identifier: gain
                            arms:
                              - pattern:
                                  Structure:
                                    name: GainPID
                                    fields:
                                      - name: k_p
                                        pattern:
                                          Identifier:
                                            reference: false
                                            mutable: false
                                            identifier: k_p
                                      - name: k_i
                                        pattern:
                                          Identifier:
                                            reference: false
                                            mutable: false
                                            identifier: k_i
                                      - name: k_d
                                        pattern:
                                          Identifier:
                                            reference: false
                                            mutable: false
                                            identifier: k_d
                                    dots: false
                                guard: ~
                                body:
                                  Binary:
                                    left:
                                      Binary:
                                        left:
                                          Binary:
                                            left:
                                              Identifier:
                                                identifier: k_p
                                            operator: Mul
                                            right:
                                              Identifier:
                                                identifier: e
                                        operator: Add
                                        right:
                                          Binary:
                                            left:
                                              Identifier:
                                                identifier: k_i
                                            operator: Mul
                                            right:
                                              Identifier:
                                                identifier: e_i
                                    operator: Add
                                    right:
                                      Binary:
                                        left:
                                          Identifier:
                                            identifier: k_d
                                        operator: Mul
                                        right:
                                          Identifier:
                                            identifier: e_d
                    - ExpressionLast:
                        Tuple:
                          elements:
                            - Structure:
                                name: pid_uState
                                fields:
                                  - name: derive_d_e_d
                                    expression:
                                      Identifier:
                                        identifier: derive_d_e_d
                                  - name: integrate_i_e_i
                                    expression:
                                      Identifier:
                                        identifier: integrate_i_e_i
                            - Identifier:
                                identifier: u
  - path: src/functions.rs
    items:
      - Function:
          signature:
            public_visibility: true
            name: min
            receiver: ~
            inputs:
              - - a
                - Identifier:
                    identifier: f64
              - - b
                - Identifier:
                    identifier: f64
            output:
              Identifier:
                identifier: f64
          body:
            statements:
              - Let:
                  pattern:
                    Identifier:
                      reference: false
                      mutable: false
                      identifier: test
                  expression:
                    Binary:
                      left:
                        Identifier:
                          identifier: a
                      operator: Grt
                      right:
                        Identifier:
                          identifier: b
              - Let:
                  pattern:
                    Identifier:
                      reference: false
                      mutable: false
                      identifier: result
                  expression:
                    IfThenElse:
                      condition:
                        Identifier:
                          identifier: test
                      then_branch:
                        statements:
                          - ExpressionLast:
                              Identifier:
                                identifier: b
                      else_branch:
                        statements:
                          - ExpressionLast:
                              Identifier:
                                identifier: a
              - ExpressionLast:
                  Identifier:
                    identifier: result
  - path: src/typedefs.rs
    items:
      - Structure:
          public_visibility: true
          name: GainPID
          fields:
            - public_visibility: true
              name: k_p
              type:
                Identifier:
                  identifier: f64
            - public_visibility: true
              name: k_i
              type:
                Identifier:
                  identifier: f64
            - public_visibility: true
              name: k_d
              type:
                Identifier:
                  identifier: f64
  - path: src/lib.rs
    items:
      - Import:
          Module:
            public_visibility: true
            name: integrate_i
      - Import:
          Module:
            public_visibility: true
            name: derive_d
      - Import:
          Module:
            public_visibility: true
            name: pid_u
      - Import:
          Module:
            public_visibility: true
            name: functions
      - Import:
          Module:
            public_visibility: true
            name: typedefs

