---
source: tests/typing.rs
expression: file
---
typedefs:
  - Enumeration:
      id: Button
      elements:
        - Released
        - Pressed
      location: ~
  - Enumeration:
      id: ResetState
      elements:
        - InProgress
        - Confirmed
      location: ~
functions: []
nodes:
  - id: counter
    is_component: false
    inputs:
      - - res
        - Boolean
      - - inc
        - Integer
    equations:
      - - o
        - scope: Output
          id: o
          signal_type: Integer
          expression:
            FunctionApplication:
              function_expression:
                Identifier:
                  id: if_then_else
                  typing:
                    Abstract:
                      - - Boolean
                        - Integer
                        - Integer
                      - Integer
                  location: ~
              inputs:
                - SignalCall:
                    id: res
                    typing: Boolean
                    location: ~
                - Constant:
                    constant:
                      Integer: 0
                    typing: Integer
                    location: ~
                - FunctionApplication:
                    function_expression:
                      Identifier:
                        id: " + "
                        typing:
                          Abstract:
                            - - Integer
                              - Integer
                            - Integer
                        location: ~
                    inputs:
                      - FunctionApplication:
                          function_expression:
                            Identifier:
                              id: (_)
                              typing:
                                Abstract:
                                  - - Integer
                                  - Integer
                              location: ~
                          inputs:
                            - FollowedBy:
                                constant:
                                  Integer: 0
                                expression:
                                  SignalCall:
                                    id: o
                                    typing: Integer
                                    location: ~
                                typing: Integer
                                location: ~
                          typing: Integer
                          location: ~
                      - SignalCall:
                          id: inc
                          typing: Integer
                          location: ~
                    typing: Integer
                    location: ~
              typing: Integer
              location: ~
          location: ~
    contract:
      requires: []
      ensures: []
      invariant: []
      assert: []
    location: ~
  - id: reset_button
    is_component: false
    inputs:
      - - button_state
        - Enumeration: Button
      - - period
        - Integer
      - - reset_limit_1
        - Integer
      - - reset_limit_2
        - Integer
    equations:
      - - user_reset_request_state
        - scope: Output
          id: user_reset_request_state
          signal_type:
            Enumeration: ResetState
          expression:
            Match:
              expression:
                SignalCall:
                  id: button_state
                  typing:
                    Enumeration: Button
                  location: ~
              arms:
                - - Constant:
                      constant:
                        Enumeration:
                          - Button
                          - Released
                      location: ~
                  - ~
                  - Constant:
                      constant:
                        Enumeration:
                          - ResetState
                          - Confirmed
                      typing:
                        Enumeration: ResetState
                      location: ~
                - - Constant:
                      constant:
                        Enumeration:
                          - Button
                          - Pressed
                      location: ~
                  - FunctionApplication:
                      function_expression:
                        Identifier:
                          id: " >= "
                          typing:
                            Abstract:
                              - - Integer
                                - Integer
                              - Boolean
                          location: ~
                      inputs:
                        - SignalCall:
                            id: counter
                            typing: Integer
                            location: ~
                        - SignalCall:
                            id: reset_limit_1
                            typing: Integer
                            location: ~
                      typing: Boolean
                      location: ~
                  - Constant:
                      constant:
                        Enumeration:
                          - ResetState
                          - InProgress
                      typing:
                        Enumeration: ResetState
                      location: ~
                - - Default:
                      location: ~
                  - ~
                  - Constant:
                      constant:
                        Enumeration:
                          - ResetState
                          - Confirmed
                      typing:
                        Enumeration: ResetState
                      location: ~
              typing:
                Enumeration: ResetState
              location: ~
          location: ~
      - - user_reset_request
        - scope: Output
          id: user_reset_request
          signal_type: Boolean
          expression:
            Match:
              expression:
                SignalCall:
                  id: button_state
                  typing:
                    Enumeration: Button
                  location: ~
              arms:
                - - Constant:
                      constant:
                        Enumeration:
                          - Button
                          - Released
                      location: ~
                  - ~
                  - FollowedBy:
                      constant:
                        Boolean: false
                      expression:
                        SignalCall:
                          id: user_reset_request
                          typing: Boolean
                          location: ~
                      typing: Boolean
                      location: ~
                - - Constant:
                      constant:
                        Enumeration:
                          - Button
                          - Pressed
                      location: ~
                  - ~
                  - FunctionApplication:
                      function_expression:
                        Identifier:
                          id: " >= "
                          typing:
                            Abstract:
                              - - Integer
                                - Integer
                              - Boolean
                          location: ~
                      inputs:
                        - SignalCall:
                            id: counter
                            typing: Integer
                            location: ~
                        - FunctionApplication:
                            function_expression:
                              Identifier:
                                id: " + "
                                typing:
                                  Abstract:
                                    - - Integer
                                      - Integer
                                    - Integer
                                location: ~
                            inputs:
                              - SignalCall:
                                  id: reset_limit_1
                                  typing: Integer
                                  location: ~
                              - SignalCall:
                                  id: reset_limit_2
                                  typing: Integer
                                  location: ~
                            typing: Integer
                            location: ~
                      typing: Boolean
                      location: ~
              typing: Boolean
              location: ~
          location: ~
      - - counter
        - scope: Local
          id: counter
          signal_type: Integer
          expression:
            NodeApplication:
              node: counter
              inputs:
                - SignalCall:
                    id: res
                    typing: Boolean
                    location: ~
                - SignalCall:
                    id: period
                    typing: Integer
                    location: ~
              signal: o
              typing: Integer
              location: ~
          location: ~
      - - res
        - scope: Local
          id: res
          signal_type: Boolean
          expression:
            FunctionApplication:
              function_expression:
                Identifier:
                  id: " && "
                  typing:
                    Abstract:
                      - - Boolean
                        - Boolean
                      - Boolean
                  location: ~
              inputs:
                - FunctionApplication:
                    function_expression:
                      Identifier:
                        id: (_)
                        typing:
                          Abstract:
                            - - Boolean
                            - Boolean
                        location: ~
                    inputs:
                      - FunctionApplication:
                          function_expression:
                            Identifier:
                              id: " == "
                              typing:
                                Abstract:
                                  - - Enumeration: Button
                                    - Enumeration: Button
                                  - Boolean
                              location: ~
                          inputs:
                            - SignalCall:
                                id: button_state
                                typing:
                                  Enumeration: Button
                                location: ~
                            - Constant:
                                constant:
                                  Enumeration:
                                    - Button
                                    - Pressed
                                typing:
                                  Enumeration: Button
                                location: ~
                          typing: Boolean
                          location: ~
                    typing: Boolean
                    location: ~
                - FunctionApplication:
                    function_expression:
                      Identifier:
                        id: (_)
                        typing:
                          Abstract:
                            - - Boolean
                            - Boolean
                        location: ~
                    inputs:
                      - FollowedBy:
                          constant:
                            Boolean: true
                          expression:
                            FunctionApplication:
                              function_expression:
                                Identifier:
                                  id: " == "
                                  typing:
                                    Abstract:
                                      - - Enumeration: Button
                                        - Enumeration: Button
                                      - Boolean
                                  location: ~
                              inputs:
                                - SignalCall:
                                    id: button_state
                                    typing:
                                      Enumeration: Button
                                    location: ~
                                - Constant:
                                    constant:
                                      Enumeration:
                                        - Button
                                        - Released
                                    typing:
                                      Enumeration: Button
                                    location: ~
                              typing: Boolean
                              location: ~
                          typing: Boolean
                          location: ~
                    typing: Boolean
                    location: ~
              typing: Boolean
              location: ~
          location: ~
    contract:
      requires: []
      ensures: []
      invariant: []
      assert: []
    location: ~
component: ~
location: ~

